
Allocating common symbols
Common symbol       size              file

stack               0x4000            build/arch/i686/multiboot2.S.o

There are no discarded input sections

Memory Configuration

Name             Origin             Length             Attributes
*default*        0x00000000         0xffffffff

Linker script and memory map

                0x00100000                        . = 0x100000
                0x00100000                        _kernel_start = .

.multiboot      0x00100000       0x18
 *(.multiboot)
 .multiboot     0x00100000       0x18 build/arch/i686/multiboot2.S.o

.text           0x00101000     0x3fd9
 *(.text)
 .text          0x00101000      0x76f build/dev/disk/ide/ide.c.o
                0x001012f6                ide_driver_init
                0x00101300                ide_driver_scan_disks
                0x001013ea                ide_write_block
                0x001015b7                ide_read_block
 .text          0x0010176f      0x15e build/dev/block_device.c.o
                0x0010176f                register_block_device
                0x001017bd                submit_read_request
                0x0010183b                submit_write_request
                0x001018b9                get_block_devices
                0x001018c3                get_num_block_devices
 .text          0x001018cd      0x2c0 build/dev/driver_manager.c.o
                0x001018cd                driver_manager_init_early
                0x00101934                driver_manager_init
                0x0010197f                driver_manager_deinit
                0x001019de                driver_manager_get_width
                0x00101a3f                driver_manager_get_height
                0x00101aa0                driver_manager_write_tty
                0x00101b18                driver_manager_scroll_line
                0x00101b73                driver_manager_get_key
                0x00101b80                driver_manager_get_key_modifiers
 .text          0x00101b8d      0x166 build/dev/tty/ega/ega_driver.c.o
                0x00101b8d                ega_driver_init
                0x00101ba9                ega_driver_deinit
                0x00101bb3                ega_driver_get_width
                0x00101bca                ega_driver_get_height
                0x00101be1                ega_driver_write_tty
                0x00101c3b                ega_driver_scroll_line
 .text          0x00101cf3      0x11f build/dev/input/keyboard/keyboard.c.o
                0x00101cf3                keyboard_irq
                0x00101d3b                keyboard_init
                0x00101d90                keyboard_get_key
                0x00101e08                keyboard_get_key_modifiers
 .text          0x00101e12      0x548 build/lib/string.c.o
                0x00101e12                memcpy
                0x00101e53                memset
                0x00101e86                memmove
                0x00101f06                memcmp
                0x00101f76                memchr
                0x00101fb8                rawmemchr
                0x00101fef                strcmp
                0x0010202e                strchr
                0x0010205b                strspn
                0x001020cf                strcspn
                0x00102122                strlen
                0x00102148                strdup
                0x001021b7                strndup
                0x00102242                strcat
                0x00102289                strpbrk
                0x001022d2                strtok
 .text          0x0010235a      0x194 build/lib/ascii.c.o
                0x0010235a                int_to_ascii
                0x001023fa                string_error
                0x00102409                key_code_to_ascii
 .text          0x001024ee      0x77c build/lib/cast.c.o
                0x001024ee                uint32_to_hex_string
                0x00102559                uint16_to_hex_string
                0x001025cc                uint8_to_hex_string
                0x0010263e                uint32_to_string
                0x00102726                uint16_to_string
                0x00102828                uint8_to_string
                0x00102920                int32_to_string
                0x00102a29                int16_to_string
                0x00102b51                int8_to_string
 .text          0x00102c6a      0x543 build/mem/page_allocator.c.o
                0x00102d4c                page_alloc_init
                0x0010305a                page_alloc
                0x001030c9                page_free
                0x001030f4                get_num_pages
                0x001030fe                page_reserve
                0x00103129                get_largest_memory_hole
 .text          0x001031ad      0x175 build/sys/shell.c.o
                0x001031ad                process_command
                0x0010320e                run_kernel_shell
 .text          0x00103322      0x3ee build/sys/kernel.c.o
                0x00103322                kernel_main
 .text          0x00103710      0x9c0 build/sys/tty.c.o
                0x0010394f                clear_tty
                0x001039cf                kprint_at_color
                0x00103a8a                kprint_color
                0x00103ab6                kprint_at
                0x00103d03                kprint
                0x00103d27                kprintf
 .text          0x001040d0      0x33c build/sys/heap.c.o
                0x001040d0                heap_init
                0x00104251                kmalloc
                0x0010428d                kmalloc_aligned
                0x001042ab                krealloc
                0x001042f6                kcalloc
                0x0010433c                kfree
 .text          0x0010440c      0x141 build/arch/i686/gdt.c.o
                0x001044aa                segmentation_init
 .text          0x0010454d       0x7c build/arch/i686/ports.c.o
                0x0010454d                port_byte_in
                0x0010456a                port_byte_out
                0x00104589                port_word_in
                0x001045a8                port_word_out
 .text          0x001045c9      0x1fc build/arch/i686/paging.c.o
                0x001045c9                page_directory_create
                0x0010466a                paging_switch_directory
                0x001046e7                paging_set
                0x0010476f                paging_map
 .text          0x001047c5       0x87 build/arch/i686/idt.c.o
                0x001047c5                set_idt_gate
                0x00104811                interrupts_init
                0x0010483e                enable_interrupts
                0x00104845                disable_interrupts
 .text          0x0010484c      0x528 build/arch/i686/isr.c.o
                0x0010484c                isr_install
                0x00104c8a                isr_handler
                0x00104cd2                irq_handler
                0x00104d57                register_interrupt_handler
 .text          0x00104d74       0x15 build/arch/i686/multiboot2.S.o
                0x00104d74                _start
 .text          0x00104d89       0x1d build/arch/i686/gdt.S.o
                0x00104d89                gdt_flush
 *fill*         0x00104da6        0xa 
 .text          0x00104db0       0x1c build/arch/i686/paging.asm.o
                0x00104db0                paging_load_directory
                0x00104dbc                paging_enable
 *fill*         0x00104dcc        0x4 
 .text          0x00104dd0      0x209 build/arch/i686/interrupts.asm.o
                0x00104e1a                isr0
                0x00104e21                isr1
                0x00104e28                isr2
                0x00104e2f                isr3
                0x00104e36                isr4
                0x00104e3d                isr5
                0x00104e44                isr6
                0x00104e4b                isr7
                0x00104e55                isr8
                0x00104e5d                isr9
                0x00104e67                isr10
                0x00104e6f                isr11
                0x00104e77                isr12
                0x00104e7f                isr13
                0x00104e87                isr14
                0x00104e8f                isr15
                0x00104e99                isr16
                0x00104ea3                isr17
                0x00104ead                isr18
                0x00104eb7                isr19
                0x00104ec1                isr20
                0x00104ecb                isr21
                0x00104ed5                isr22
                0x00104edf                isr23
                0x00104ee9                isr24
                0x00104ef3                isr25
                0x00104efd                isr26
                0x00104f07                isr27
                0x00104f11                isr28
                0x00104f1b                isr29
                0x00104f25                isr30
                0x00104f2f                isr31
                0x00104f39                irq0
                0x00104f43                irq1
                0x00104f4d                irq2
                0x00104f57                irq3
                0x00104f61                irq4
                0x00104f6b                irq5
                0x00104f75                irq6
                0x00104f7f                irq7
                0x00104f89                irq8
                0x00104f93                irq9
                0x00104f9d                irq10
                0x00104fa7                irq11
                0x00104fb1                irq12
                0x00104fbb                irq13
                0x00104fc5                irq14
                0x00104fcf                irq15

.iplt           0x00104fd9        0x0
 .iplt          0x00104fd9        0x0 build/dev/disk/ide/ide.c.o

.rodata         0x00105000      0x97f
 *(.rodata)
 .rodata        0x00105000       0x4e build/dev/disk/ide/ide.c.o
 *fill*         0x0010504e        0x2 
 .rodata        0x00105050       0x6d build/dev/block_device.c.o
 *fill*         0x001050bd        0x3 
 .rodata        0x001050c0       0x4a build/dev/driver_manager.c.o
 .rodata        0x0010510a       0x78 build/lib/ascii.c.o
 *fill*         0x00105182        0x2 
 .rodata        0x00105184      0x142 build/mem/page_allocator.c.o
 *fill*         0x001052c6        0x2 
 .rodata        0x001052c8      0x1be build/sys/shell.c.o
 *fill*         0x00105486        0x2 
 .rodata        0x00105488      0x21a build/sys/kernel.c.o
 *fill*         0x001056a2        0x2 
 .rodata        0x001056a4       0xcc build/sys/tty.c.o
 .rodata        0x00105770       0x75 build/sys/heap.c.o
 *fill*         0x001057e5        0x3 
 .rodata        0x001057e8      0x197 build/arch/i686/isr.c.o

.rel.dyn        0x00105980        0x0
 .rel.got       0x00105980        0x0 build/dev/disk/ide/ide.c.o
 .rel.iplt      0x00105980        0x0 build/dev/disk/ide/ide.c.o
 .rel.text      0x00105980        0x0 build/dev/disk/ide/ide.c.o

.data           0x00106000     0x1000
 *(.data)
 .data          0x00106000        0x8 build/dev/disk/ide/ide.c.o
 .data          0x00106008        0x0 build/dev/block_device.c.o
 .data          0x00106008        0x0 build/dev/driver_manager.c.o
 .data          0x00106008        0x0 build/dev/tty/ega/ega_driver.c.o
 .data          0x00106008        0x0 build/dev/input/keyboard/keyboard.c.o
 .data          0x00106008        0x0 build/lib/string.c.o
 *fill*         0x00106008       0x18 
 .data          0x00106020       0x3c build/lib/ascii.c.o
 .data          0x0010605c        0x0 build/lib/cast.c.o
 .data          0x0010605c        0x0 build/mem/page_allocator.c.o
 .data          0x0010605c        0x0 build/sys/shell.c.o
 *fill*         0x0010605c        0x4 
 .data          0x00106060      0xf20 build/sys/kernel.c.o
                0x00106060                large_string
 .data          0x00106f80        0x0 build/sys/tty.c.o
 .data          0x00106f80        0x0 build/sys/heap.c.o
 .data          0x00106f80        0x0 build/arch/i686/gdt.c.o
 .data          0x00106f80        0x0 build/arch/i686/ports.c.o
 .data          0x00106f80        0x0 build/arch/i686/paging.c.o
 .data          0x00106f80        0x0 build/arch/i686/idt.c.o
 .data          0x00106f80       0x80 build/arch/i686/isr.c.o
 .data          0x00107000        0x0 build/arch/i686/multiboot2.S.o
 .data          0x00107000        0x0 build/arch/i686/gdt.S.o

.got            0x00107000        0x0
 .got           0x00107000        0x0 build/dev/disk/ide/ide.c.o

.got.plt        0x00107000        0x0
 .got.plt       0x00107000        0x0 build/dev/disk/ide/ide.c.o

.igot.plt       0x00107000        0x0
 .igot.plt      0x00107000        0x0 build/dev/disk/ide/ide.c.o

.bss            0x00107000     0x4f20
 *(.bss)
 .bss           0x00107000        0x0 build/dev/disk/ide/ide.c.o
 .bss           0x00107000       0xcc build/dev/block_device.c.o
 *fill*         0x001070cc       0x14 
 .bss           0x001070e0      0x191 build/dev/driver_manager.c.o
 .bss           0x00107271        0x0 build/dev/tty/ega/ega_driver.c.o
 *fill*         0x00107271        0x3 
 .bss           0x00107274        0x7 build/dev/input/keyboard/keyboard.c.o
                0x00107274                keycache
                0x00107278                key_loc
 *fill*         0x0010727b        0x1 
 .bss           0x0010727c        0xc build/lib/string.c.o
 .bss           0x00107288        0x0 build/lib/ascii.c.o
 .bss           0x00107288        0x0 build/lib/cast.c.o
 .bss           0x00107288        0xc build/mem/page_allocator.c.o
                0x00107288                page_allocator
 .bss           0x00107294        0x0 build/sys/shell.c.o
 .bss           0x00107294        0x4 build/sys/kernel.c.o
 .bss           0x00107298        0xb build/sys/tty.c.o
 *fill*         0x001072a3        0x1 
 .bss           0x001072a4        0x8 build/sys/heap.c.o
                0x001072a4                heap_allocator
 *fill*         0x001072ac       0x14 
 .bss           0x001072c0       0x2e build/arch/i686/gdt.c.o
 .bss           0x001072ee        0x0 build/arch/i686/ports.c.o
 *fill*         0x001072ee        0x2 
 .bss           0x001072f0        0x4 build/arch/i686/paging.c.o
 *fill*         0x001072f4        0xc 
 .bss           0x00107300      0x806 build/arch/i686/idt.c.o
                0x00107300                idt
                0x00107b00                idt_reg
 *fill*         0x00107b06       0x1a 
 .bss           0x00107b20      0x400 build/arch/i686/isr.c.o
 .bss           0x00107f20        0x0 build/arch/i686/multiboot2.S.o
 .bss           0x00107f20        0x0 build/arch/i686/gdt.S.o
 *(COMMON)
 COMMON         0x00107f20     0x4000 build/arch/i686/multiboot2.S.o
                0x00107f20                stack
                0x0010bf20                        _kernel_end = .

/DISCARD/
 *(.eh_frame)
 *(.eh_frame)
 *(.note .note.*)
 *(.note.gnu.build-id)
LOAD build/dev/disk/ide/ide.c.o
LOAD build/dev/block_device.c.o
LOAD build/dev/driver_manager.c.o
LOAD build/dev/tty/ega/ega_driver.c.o
LOAD build/dev/input/keyboard/keyboard.c.o
LOAD build/lib/string.c.o
LOAD build/lib/ascii.c.o
LOAD build/lib/cast.c.o
LOAD build/mem/page_allocator.c.o
LOAD build/sys/shell.c.o
LOAD build/sys/kernel.c.o
LOAD build/sys/tty.c.o
LOAD build/sys/heap.c.o
LOAD build/arch/i686/gdt.c.o
LOAD build/arch/i686/ports.c.o
LOAD build/arch/i686/paging.c.o
LOAD build/arch/i686/idt.c.o
LOAD build/arch/i686/isr.c.o
LOAD build/arch/i686/multiboot2.S.o
LOAD build/arch/i686/gdt.S.o
LOAD build/arch/i686/paging.asm.o
LOAD build/arch/i686/interrupts.asm.o
OUTPUT(kernel.elf elf32-i386)

.debug_info     0x00000000     0x4bf6
 .debug_info    0x00000000      0x718 build/dev/disk/ide/ide.c.o
 .debug_info    0x00000718      0x30b build/dev/block_device.c.o
 .debug_info    0x00000a23      0x5bc build/dev/driver_manager.c.o
 .debug_info    0x00000fdf      0x4bf build/dev/tty/ega/ega_driver.c.o
 .debug_info    0x0000149e      0x32a build/dev/input/keyboard/keyboard.c.o
 .debug_info    0x000017c8      0x5f4 build/lib/string.c.o
 .debug_info    0x00001dbc      0x33e build/lib/ascii.c.o
 .debug_info    0x000020fa      0x648 build/lib/cast.c.o
 .debug_info    0x00002742      0x51c build/mem/page_allocator.c.o
 .debug_info    0x00002c5e      0x36a build/sys/shell.c.o
 .debug_info    0x00002fc8      0x5ce build/sys/kernel.c.o
 .debug_info    0x00003596      0x55d build/sys/tty.c.o
 .debug_info    0x00003af3      0x3eb build/sys/heap.c.o
 .debug_info    0x00003ede      0x1d7 build/arch/i686/gdt.c.o
 .debug_info    0x000040b5      0x15d build/arch/i686/ports.c.o
 .debug_info    0x00004212      0x2e3 build/arch/i686/paging.c.o
 .debug_info    0x000044f5      0x1bc build/arch/i686/idt.c.o
 .debug_info    0x000046b1      0x4fd build/arch/i686/isr.c.o
 .debug_info    0x00004bae       0x24 build/arch/i686/multiboot2.S.o
 .debug_info    0x00004bd2       0x24 build/arch/i686/gdt.S.o

.debug_abbrev   0x00000000     0x1bcd
 .debug_abbrev  0x00000000      0x24f build/dev/disk/ide/ide.c.o
 .debug_abbrev  0x0000024f      0x164 build/dev/block_device.c.o
 .debug_abbrev  0x000003b3      0x24b build/dev/driver_manager.c.o
 .debug_abbrev  0x000005fe      0x212 build/dev/tty/ega/ega_driver.c.o
 .debug_abbrev  0x00000810      0x198 build/dev/input/keyboard/keyboard.c.o
 .debug_abbrev  0x000009a8      0x177 build/lib/string.c.o
 .debug_abbrev  0x00000b1f       0xf8 build/lib/ascii.c.o
 .debug_abbrev  0x00000c17      0x107 build/lib/cast.c.o
 .debug_abbrev  0x00000d1e      0x20b build/mem/page_allocator.c.o
 .debug_abbrev  0x00000f29      0x13d build/sys/shell.c.o
 .debug_abbrev  0x00001066      0x213 build/sys/kernel.c.o
 .debug_abbrev  0x00001279      0x1fa build/sys/tty.c.o
 .debug_abbrev  0x00001473      0x1b4 build/sys/heap.c.o
 .debug_abbrev  0x00001627       0xf2 build/arch/i686/gdt.c.o
 .debug_abbrev  0x00001719       0xb3 build/arch/i686/ports.c.o
 .debug_abbrev  0x000017cc      0x165 build/arch/i686/paging.c.o
 .debug_abbrev  0x00001931      0x118 build/arch/i686/idt.c.o
 .debug_abbrev  0x00001a49      0x15c build/arch/i686/isr.c.o
 .debug_abbrev  0x00001ba5       0x14 build/arch/i686/multiboot2.S.o
 .debug_abbrev  0x00001bb9       0x14 build/arch/i686/gdt.S.o

.debug_aranges  0x00000000      0x280
 .debug_aranges
                0x00000000       0x20 build/dev/disk/ide/ide.c.o
 .debug_aranges
                0x00000020       0x20 build/dev/block_device.c.o
 .debug_aranges
                0x00000040       0x20 build/dev/driver_manager.c.o
 .debug_aranges
                0x00000060       0x20 build/dev/tty/ega/ega_driver.c.o
 .debug_aranges
                0x00000080       0x20 build/dev/input/keyboard/keyboard.c.o
 .debug_aranges
                0x000000a0       0x20 build/lib/string.c.o
 .debug_aranges
                0x000000c0       0x20 build/lib/ascii.c.o
 .debug_aranges
                0x000000e0       0x20 build/lib/cast.c.o
 .debug_aranges
                0x00000100       0x20 build/mem/page_allocator.c.o
 .debug_aranges
                0x00000120       0x20 build/sys/shell.c.o
 .debug_aranges
                0x00000140       0x20 build/sys/kernel.c.o
 .debug_aranges
                0x00000160       0x20 build/sys/tty.c.o
 .debug_aranges
                0x00000180       0x20 build/sys/heap.c.o
 .debug_aranges
                0x000001a0       0x20 build/arch/i686/gdt.c.o
 .debug_aranges
                0x000001c0       0x20 build/arch/i686/ports.c.o
 .debug_aranges
                0x000001e0       0x20 build/arch/i686/paging.c.o
 .debug_aranges
                0x00000200       0x20 build/arch/i686/idt.c.o
 .debug_aranges
                0x00000220       0x20 build/arch/i686/isr.c.o
 .debug_aranges
                0x00000240       0x20 build/arch/i686/multiboot2.S.o
 .debug_aranges
                0x00000260       0x20 build/arch/i686/gdt.S.o

.debug_line     0x00000000     0x2236
 .debug_line    0x00000000      0x35d build/dev/disk/ide/ide.c.o
 .debug_line    0x0000035d      0x107 build/dev/block_device.c.o
 .debug_line    0x00000464      0x1e5 build/dev/driver_manager.c.o
 .debug_line    0x00000649      0x12e build/dev/tty/ega/ega_driver.c.o
 .debug_line    0x00000777       0xfd build/dev/input/keyboard/keyboard.c.o
 .debug_line    0x00000874      0x368 build/lib/string.c.o
 .debug_line    0x00000bdc      0x10b build/lib/ascii.c.o
 .debug_line    0x00000ce7      0x3aa build/lib/cast.c.o
 .debug_line    0x00001091      0x2af build/mem/page_allocator.c.o
 .debug_line    0x00001340       0xef build/sys/shell.c.o
 .debug_line    0x0000142f      0x24c build/sys/kernel.c.o
 .debug_line    0x0000167b      0x4ad build/sys/tty.c.o
 .debug_line    0x00001b28      0x22d build/sys/heap.c.o
 .debug_line    0x00001d55       0x9b build/arch/i686/gdt.c.o
 .debug_line    0x00001df0       0x75 build/arch/i686/ports.c.o
 .debug_line    0x00001e65      0x17f build/arch/i686/paging.c.o
 .debug_line    0x00001fe4       0x8e build/arch/i686/idt.c.o
 .debug_line    0x00002072      0x120 build/arch/i686/isr.c.o
 .debug_line    0x00002192       0x54 build/arch/i686/multiboot2.S.o
 .debug_line    0x000021e6       0x50 build/arch/i686/gdt.S.o

.debug_str      0x00000000     0x13ea
 .debug_str     0x00000000     0x13ea build/dev/disk/ide/ide.c.o
                                0x3b8 (size before relaxing)
 .debug_str     0x000013ea      0x270 build/dev/block_device.c.o
 .debug_str     0x000013ea      0x53b build/dev/driver_manager.c.o
 .debug_str     0x000013ea      0x471 build/dev/tty/ega/ega_driver.c.o
 .debug_str     0x000013ea      0x237 build/dev/input/keyboard/keyboard.c.o
 .debug_str     0x000013ea      0x1cb build/lib/string.c.o
 .debug_str     0x000013ea      0x457 build/lib/ascii.c.o
 .debug_str     0x000013ea      0x211 build/lib/cast.c.o
 .debug_str     0x000013ea      0x2f4 build/mem/page_allocator.c.o
 .debug_str     0x000013ea      0x475 build/sys/shell.c.o
 .debug_str     0x000013ea      0x580 build/sys/kernel.c.o
 .debug_str     0x000013ea      0x2af build/sys/tty.c.o
 .debug_str     0x000013ea      0x245 build/sys/heap.c.o
 .debug_str     0x000013ea      0x1ae build/arch/i686/gdt.c.o
 .debug_str     0x000013ea      0x14d build/arch/i686/ports.c.o
 .debug_str     0x000013ea      0x20b build/arch/i686/paging.c.o
 .debug_str     0x000013ea      0x1c1 build/arch/i686/idt.c.o
 .debug_str     0x000013ea      0x2e1 build/arch/i686/isr.c.o
 .debug_str     0x000013ea       0x47 build/arch/i686/multiboot2.S.o
 .debug_str     0x000013ea       0x40 build/arch/i686/gdt.S.o

.debug_line_str
                0x00000000      0x39d
 .debug_line_str
                0x00000000      0x39d build/dev/disk/ide/ide.c.o
                                0x102 (size before relaxing)
 .debug_line_str
                0x0000039d       0xfe build/dev/block_device.c.o
 .debug_line_str
                0x0000039d      0x152 build/dev/driver_manager.c.o
 .debug_line_str
                0x0000039d      0x12b build/dev/tty/ega/ega_driver.c.o
 .debug_line_str
                0x0000039d      0x142 build/dev/input/keyboard/keyboard.c.o
 .debug_line_str
                0x0000039d       0xd2 build/lib/string.c.o
 .debug_line_str
                0x0000039d       0xd4 build/lib/ascii.c.o
 .debug_line_str
                0x0000039d       0xad build/lib/cast.c.o
 .debug_line_str
                0x0000039d      0x109 build/mem/page_allocator.c.o
 .debug_line_str
                0x0000039d      0x116 build/sys/shell.c.o
 .debug_line_str
                0x0000039d      0x164 build/sys/kernel.c.o
 .debug_line_str
                0x0000039d       0xf1 build/sys/tty.c.o
 .debug_line_str
                0x0000039d       0xfa build/sys/heap.c.o
 .debug_line_str
                0x0000039d       0xb6 build/arch/i686/gdt.c.o
 .debug_line_str
                0x0000039d       0xbc build/arch/i686/ports.c.o
 .debug_line_str
                0x0000039d       0xdf build/arch/i686/paging.c.o
 .debug_line_str
                0x0000039d       0xb6 build/arch/i686/idt.c.o
 .debug_line_str
                0x0000039d       0xe0 build/arch/i686/isr.c.o
 .debug_line_str
                0x0000039d       0x3b build/arch/i686/multiboot2.S.o
 .debug_line_str
                0x0000039d       0x34 build/arch/i686/gdt.S.o

.comment        0x00000000       0x12
 .comment       0x00000000       0x12 build/dev/disk/ide/ide.c.o
                                 0x13 (size before relaxing)
 .comment       0x00000012       0x13 build/dev/block_device.c.o
 .comment       0x00000012       0x13 build/dev/driver_manager.c.o
 .comment       0x00000012       0x13 build/dev/tty/ega/ega_driver.c.o
 .comment       0x00000012       0x13 build/dev/input/keyboard/keyboard.c.o
 .comment       0x00000012       0x13 build/lib/string.c.o
 .comment       0x00000012       0x13 build/lib/ascii.c.o
 .comment       0x00000012       0x13 build/lib/cast.c.o
 .comment       0x00000012       0x13 build/mem/page_allocator.c.o
 .comment       0x00000012       0x13 build/sys/shell.c.o
 .comment       0x00000012       0x13 build/sys/kernel.c.o
 .comment       0x00000012       0x13 build/sys/tty.c.o
 .comment       0x00000012       0x13 build/sys/heap.c.o
 .comment       0x00000012       0x13 build/arch/i686/gdt.c.o
 .comment       0x00000012       0x13 build/arch/i686/ports.c.o
 .comment       0x00000012       0x13 build/arch/i686/paging.c.o
 .comment       0x00000012       0x13 build/arch/i686/idt.c.o
 .comment       0x00000012       0x13 build/arch/i686/isr.c.o

.debug_frame    0x00000000      0xf1c
 .debug_frame   0x00000000      0x13c build/dev/disk/ide/ide.c.o
 .debug_frame   0x0000013c       0xbc build/dev/block_device.c.o
 .debug_frame   0x000001f8      0x134 build/dev/driver_manager.c.o
 .debug_frame   0x0000032c       0xd4 build/dev/tty/ega/ega_driver.c.o
 .debug_frame   0x00000400       0x98 build/dev/input/keyboard/keyboard.c.o
 .debug_frame   0x00000498      0x214 build/lib/string.c.o
 .debug_frame   0x000006ac       0x74 build/lib/ascii.c.o
 .debug_frame   0x00000720      0x134 build/lib/cast.c.o
 .debug_frame   0x00000854      0x144 build/mem/page_allocator.c.o
 .debug_frame   0x00000998       0x4c build/sys/shell.c.o
 .debug_frame   0x000009e4       0x34 build/sys/kernel.c.o
 .debug_frame   0x00000a18      0x138 build/sys/tty.c.o
 .debug_frame   0x00000b50       0xec build/sys/heap.c.o
 .debug_frame   0x00000c3c       0x54 build/arch/i686/gdt.c.o
 .debug_frame   0x00000c90       0x94 build/arch/i686/ports.c.o
 .debug_frame   0x00000d24       0xd8 build/arch/i686/paging.c.o
 .debug_frame   0x00000dfc       0x94 build/arch/i686/idt.c.o
 .debug_frame   0x00000e90       0x8c build/arch/i686/isr.c.o

.debug_rnglists
                0x00000000       0x4f
 .debug_rnglists
                0x00000000       0x17 build/dev/driver_manager.c.o
 .debug_rnglists
                0x00000017       0x38 build/sys/tty.c.o
